D:\#DATA ABENG\BMachine.v2\src\BMachine.UI\Views/LogPanelSidebar.axaml(144,34,144,34): Avalonia error AVLN2000: Unable to resolve suitable regular or attached property StrokeThickness on type Avalonia.Controls:Avalonia.Controls.PathIcon Line 144, position 34. [d:\#DATA ABENG\BMachine.v2\src\BMachine.UI\BMachine.UI.csproj]
D:\#DATA ABENG\BMachine.v2\src\BMachine.UI\Views/LogPanelSidebar.axaml(151,34,151,34): Avalonia error AVLN2000: Unable to resolve suitable regular or attached property StrokeThickness on type Avalonia.Controls:Avalonia.Controls.PathIcon Line 151, position 34. [d:\#DATA ABENG\BMachine.v2\src\BMachine.UI\BMachine.UI.csproj]

Build FAILED.
    0 Warning(s)
    2 Error(s)

Time Elapsed 00:00:02.32
