  Determining projects to restore...
  All projects are up-to-date for restore.
  BMachine.SDK -> D:\#DATA ABENG\BMachine.v2\src\BMachine.SDK\bin\Debug\net8.0\BMachine.SDK.dll
  BMachine.Core -> D:\#DATA ABENG\BMachine.v2\src\BMachine.Core\bin\Debug\net8.0\BMachine.Core.dll
D:\#DATA ABENG\BMachine.v2\src\BMachine.UI\ViewModels\DashboardViewModel.cs(274,18): error MVVMTK0023: The method BMachine.UI.ViewModels.DashboardViewModel.BMachine.UI.ViewModels.DashboardViewModel.ClearLog() cannot be annotated with [RelayCommand], has it has multiple overloads (command methods must be unique within their containing type) (https://aka.ms/mvvmtoolkit/errors/mvvmtk0023) [D:\#DATA ABENG\BMachine.v2\src\BMachine.UI\BMachine.UI.csproj]
D:\#DATA ABENG\BMachine.v2\src\BMachine.UI\Views\LogPanelSidebar.axaml.cs(58,35): error CS0111: Type 'LogPanelSidebar' already defines a member called 'OnDataContextChanged' with the same parameter types [D:\#DATA ABENG\BMachine.v2\src\BMachine.UI\BMachine.UI.csproj]
D:\#DATA ABENG\BMachine.v2\src\BMachine.UI\ViewModels\DashboardViewModel.cs(274,18): error CS0111: Type 'DashboardViewModel' already defines a member called 'ClearLog' with the same parameter types [D:\#DATA ABENG\BMachine.v2\src\BMachine.UI\BMachine.UI.csproj]

Build FAILED.

D:\#DATA ABENG\BMachine.v2\src\BMachine.UI\ViewModels\DashboardViewModel.cs(274,18): error MVVMTK0023: The method BMachine.UI.ViewModels.DashboardViewModel.BMachine.UI.ViewModels.DashboardViewModel.ClearLog() cannot be annotated with [RelayCommand], has it has multiple overloads (command methods must be unique within their containing type) (https://aka.ms/mvvmtoolkit/errors/mvvmtk0023) [D:\#DATA ABENG\BMachine.v2\src\BMachine.UI\BMachine.UI.csproj]
D:\#DATA ABENG\BMachine.v2\src\BMachine.UI\Views\LogPanelSidebar.axaml.cs(58,35): error CS0111: Type 'LogPanelSidebar' already defines a member called 'OnDataContextChanged' with the same parameter types [D:\#DATA ABENG\BMachine.v2\src\BMachine.UI\BMachine.UI.csproj]
D:\#DATA ABENG\BMachine.v2\src\BMachine.UI\ViewModels\DashboardViewModel.cs(274,18): error CS0111: Type 'DashboardViewModel' already defines a member called 'ClearLog' with the same parameter types [D:\#DATA ABENG\BMachine.v2\src\BMachine.UI\BMachine.UI.csproj]
    0 Warning(s)
    3 Error(s)

Time Elapsed 00:00:01.67
