  Determining projects to restore...
  All projects are up-to-date for restore.
  BMachine.SDK -> D:\#DATA ABENG\BMachine.v2\src\BMachine.SDK\bin\Debug\net8.0\BMachine.SDK.dll
  BMachine.Core -> D:\#DATA ABENG\BMachine.v2\src\BMachine.Core\bin\Debug\net8.0\BMachine.Core.dll
D:\#DATA ABENG\BMachine.v2\src\BMachine.UI\Views/EditingCardListView.axaml(511,52,511,52): Avalonia error AVLN3000: Unable to find suitable setter or adder for property GotFocus of type Avalonia.Controls:Avalonia.Controls.AutoCompleteBox for argument System.Runtime:System.String, available setter parameter lists are: [D:\#DATA ABENG\BMachine.v2\src\BMachine.UI\BMachine.UI.csproj]
D:\#DATA ABENG\BMachine.v2\src\BMachine.UI\Views/EditingCardListView.axaml(511,52,511,52): Avalonia error AVLN3000: System.EventHandler`1<Avalonia.Interactivity.RoutedEventArgs> [D:\#DATA ABENG\BMachine.v2\src\BMachine.UI\BMachine.UI.csproj]
D:\#DATA ABENG\BMachine.v2\src\BMachine.UI\Views/EditingCardListView.axaml(511,52,511,52): Avalonia error AVLN3000: System.EventHandler`1<Avalonia.Input.GotFocusEventArgs> Line 511, position 52. [D:\#DATA ABENG\BMachine.v2\src\BMachine.UI\BMachine.UI.csproj]
D:\#DATA ABENG\BMachine.v2\src\BMachine.UI\Views/LateCardListView.axaml(444,52,444,52): Avalonia error AVLN3000: Unable to find suitable setter or adder for property GotFocus of type Avalonia.Controls:Avalonia.Controls.AutoCompleteBox for argument System.Runtime:System.String, available setter parameter lists are: [D:\#DATA ABENG\BMachine.v2\src\BMachine.UI\BMachine.UI.csproj]
D:\#DATA ABENG\BMachine.v2\src\BMachine.UI\Views/LateCardListView.axaml(444,52,444,52): Avalonia error AVLN3000: System.EventHandler`1<Avalonia.Interactivity.RoutedEventArgs> [D:\#DATA ABENG\BMachine.v2\src\BMachine.UI\BMachine.UI.csproj]
D:\#DATA ABENG\BMachine.v2\src\BMachine.UI\Views/LateCardListView.axaml(444,52,444,52): Avalonia error AVLN3000: System.EventHandler`1<Avalonia.Input.GotFocusEventArgs> Line 444, position 52. [D:\#DATA ABENG\BMachine.v2\src\BMachine.UI\BMachine.UI.csproj]
D:\#DATA ABENG\BMachine.v2\src\BMachine.UI\Views/RevisionCardListView.axaml(443,52,443,52): Avalonia error AVLN3000: Unable to find suitable setter or adder for property GotFocus of type Avalonia.Controls:Avalonia.Controls.AutoCompleteBox for argument System.Runtime:System.String, available setter parameter lists are: [D:\#DATA ABENG\BMachine.v2\src\BMachine.UI\BMachine.UI.csproj]
D:\#DATA ABENG\BMachine.v2\src\BMachine.UI\Views/RevisionCardListView.axaml(443,52,443,52): Avalonia error AVLN3000: System.EventHandler`1<Avalonia.Interactivity.RoutedEventArgs> [D:\#DATA ABENG\BMachine.v2\src\BMachine.UI\BMachine.UI.csproj]
D:\#DATA ABENG\BMachine.v2\src\BMachine.UI\Views/RevisionCardListView.axaml(443,52,443,52): Avalonia error AVLN3000: System.EventHandler`1<Avalonia.Input.GotFocusEventArgs> Line 443, position 52. [D:\#DATA ABENG\BMachine.v2\src\BMachine.UI\BMachine.UI.csproj]

Build FAILED.

D:\#DATA ABENG\BMachine.v2\src\BMachine.UI\Views/EditingCardListView.axaml(511,52,511,52): Avalonia error AVLN3000: Unable to find suitable setter or adder for property GotFocus of type Avalonia.Controls:Avalonia.Controls.AutoCompleteBox for argument System.Runtime:System.String, available setter parameter lists are: [D:\#DATA ABENG\BMachine.v2\src\BMachine.UI\BMachine.UI.csproj]
D:\#DATA ABENG\BMachine.v2\src\BMachine.UI\Views/EditingCardListView.axaml(511,52,511,52): Avalonia error AVLN3000: System.EventHandler`1<Avalonia.Interactivity.RoutedEventArgs> [D:\#DATA ABENG\BMachine.v2\src\BMachine.UI\BMachine.UI.csproj]
D:\#DATA ABENG\BMachine.v2\src\BMachine.UI\Views/EditingCardListView.axaml(511,52,511,52): Avalonia error AVLN3000: System.EventHandler`1<Avalonia.Input.GotFocusEventArgs> Line 511, position 52. [D:\#DATA ABENG\BMachine.v2\src\BMachine.UI\BMachine.UI.csproj]
D:\#DATA ABENG\BMachine.v2\src\BMachine.UI\Views/LateCardListView.axaml(444,52,444,52): Avalonia error AVLN3000: Unable to find suitable setter or adder for property GotFocus of type Avalonia.Controls:Avalonia.Controls.AutoCompleteBox for argument System.Runtime:System.String, available setter parameter lists are: [D:\#DATA ABENG\BMachine.v2\src\BMachine.UI\BMachine.UI.csproj]
D:\#DATA ABENG\BMachine.v2\src\BMachine.UI\Views/LateCardListView.axaml(444,52,444,52): Avalonia error AVLN3000: System.EventHandler`1<Avalonia.Interactivity.RoutedEventArgs> [D:\#DATA ABENG\BMachine.v2\src\BMachine.UI\BMachine.UI.csproj]
D:\#DATA ABENG\BMachine.v2\src\BMachine.UI\Views/LateCardListView.axaml(444,52,444,52): Avalonia error AVLN3000: System.EventHandler`1<Avalonia.Input.GotFocusEventArgs> Line 444, position 52. [D:\#DATA ABENG\BMachine.v2\src\BMachine.UI\BMachine.UI.csproj]
D:\#DATA ABENG\BMachine.v2\src\BMachine.UI\Views/RevisionCardListView.axaml(443,52,443,52): Avalonia error AVLN3000: Unable to find suitable setter or adder for property GotFocus of type Avalonia.Controls:Avalonia.Controls.AutoCompleteBox for argument System.Runtime:System.String, available setter parameter lists are: [D:\#DATA ABENG\BMachine.v2\src\BMachine.UI\BMachine.UI.csproj]
D:\#DATA ABENG\BMachine.v2\src\BMachine.UI\Views/RevisionCardListView.axaml(443,52,443,52): Avalonia error AVLN3000: System.EventHandler`1<Avalonia.Interactivity.RoutedEventArgs> [D:\#DATA ABENG\BMachine.v2\src\BMachine.UI\BMachine.UI.csproj]
D:\#DATA ABENG\BMachine.v2\src\BMachine.UI\Views/RevisionCardListView.axaml(443,52,443,52): Avalonia error AVLN3000: System.EventHandler`1<Avalonia.Input.GotFocusEventArgs> Line 443, position 52. [D:\#DATA ABENG\BMachine.v2\src\BMachine.UI\BMachine.UI.csproj]
    0 Warning(s)
    3 Error(s)

Time Elapsed 00:00:01.76
